// Vitest Snapshot v1, https://vitest.dev/guide/snapshot.html

exports[`<LoginPage/> > Should match the snapshot 1`] = `"<div class=\\"sc-jSwlEQ fufEPP\\"><div class=\\"sc-gKHVLF gBDpE\\"><header class=\\"sc-iBAaJG ezEKcw\\"><span class=\\"welcome-text\\">Bem-vindo(a) ao</span><span><strong>WAITER</strong><small>APP</small></span></header><form novalidate=\\"\\" class=\\"sc-ftLKQv bpUXdg\\"><div class=\\"sc-grXZZQ gGSKQt\\"><label class=\\"sc-dkjKgF eTdRzY\\">E-mail<input type=\\"email\\" placeholder=\\"Seu e-mail de acesso\\" name=\\"email\\" error=\\"\\" class=\\"sc-hLclGa bjwZZk\\"></label></div><div class=\\"sc-grXZZQ gGSKQt\\"><label class=\\"sc-dkjKgF eTdRzY\\">Senha<input type=\\"password\\" placeholder=\\"Informe sua senha\\" name=\\"password\\" error=\\"\\" class=\\"sc-hLclGa bjwZZk\\"></label></div><button type=\\"submit\\" disabled=\\"\\" button-type=\\"primary\\" loading=\\"false\\" class=\\"sc-bcPKhP fNBxaM\\">Fazer Login</button></form></div></div>"`;
