// Vitest Snapshot v1, https://vitest.dev/guide/snapshot.html

exports[`<Button/> > Should match the snapshot 1`] = `"<button type=\\"button\\" button-type=\\"primary\\" loading=\\"false\\" class=\\"sc-bcPKhP smAOj\\"></button>"`;

exports[`<Button/> > Should match the snapshot 2`] = `"<button type=\\"button\\" button-type=\\"secondary\\" loading=\\"false\\" class=\\"sc-bcPKhP dTXdIE\\"></button>"`;
